2026-10-02 13:49:46,130 DEBUG    root            Failed to read GCE cache file: [Errno 2] No such file or directory: '/content/.config/gce'
2026-10-02 13:50:04,272 DEBUG    root            Failed to check metadata server: <urlopen error timed out>
2026-10-02 13:50:04,274 DEBUG    root            Loaded Command Group: ['gcloud', 'components']
2026-10-02 13:50:04,277 DEBUG    root            Loaded Command Group: ['gcloud', 'components', 'update']
2026-10-02 13:50:04,279 DEBUG    root            Running [gcloud.components.update] with arguments: [--compile-python: "True", --quiet: "True", COMPONENT-IDS:6: "['core', 'gcloud-deps', 'bq', 'gcloud', 'gcloud-crc32c', 'gsutil']"]
2026-10-02 13:50:04,280 INFO     ___FILE_ONLY___ Beginning update. This process may take several minutes.

2026-10-02 13:50:04,294 DEBUG    root            On GCE from memory cache: False
2026-10-02 13:50:04,296 DEBUG    root            On GCE from memory cache: False
2026-10-02 13:50:04,298 DEBUG    urllib3.connectionpool Starting new HTTPS connection (1): dl.google.com:443
2026-10-02 13:50:04,312 DEBUG    urllib3.connectionpool https://dl.google.com:443 "GET /dl/cloudsdk/channels/rapid/components-2.json HTTP/1.1" 200 26599
2026-10-02 13:50:04,329 INFO     ___FILE_ONLY___ 

2026-10-02 13:50:04,330 INFO     ___FILE_ONLY___ 
Your current Google Cloud CLI version is: 587.0.0

2026-10-02 13:50:04,330 INFO     ___FILE_ONLY___ Installing components from version: 587.0.0

2026-10-02 13:50:04,330 INFO     ___FILE_ONLY___ 

2026-10-02 13:50:04,330 DEBUG    root            Chosen display Format:table[box,title="These components will be removed."](details.display_name:label=Name:align=left,version.version_string:label=Version:align=right,data.size.size(zero="",min=1048576):label=Size:align=right)
2026-10-02 13:50:04,331 DEBUG    root            Chosen display Format:table[box,title="These components will be updated."](details.display_name:label=Name:align=left,version.version_string:label=Version:align=right,data.size.size(zero="",min=1048576):label=Size:align=right)
2026-10-02 13:50:04,331 DEBUG    root            Chosen display Format:table[box,title="These components will be installed."](details.display_name:label=Name:align=left,version.version_string:label=Version:align=right,data.size.size(zero="",min=1048576):label=Size:align=right)
2026-10-02 13:50:04,370 INFO     ___FILE_ONLY___ ┌─────────────────────────────────────────────────────────────────────────────┐
2026-10-02 13:50:04,370 INFO     ___FILE_ONLY___ 

2026-10-02 13:50:04,370 INFO     ___FILE_ONLY___ │                     These components will be installed.                     │
2026-10-02 13:50:04,371 INFO     ___FILE_ONLY___ 

2026-10-02 13:50:04,371 INFO     ___FILE_ONLY___ ├─────────────────────────────────────────────────────┬────────────┬──────────┤
2026-10-02 13:50:04,371 INFO     ___FILE_ONLY___ 

2026-10-02 13:50:04,371 INFO     ___FILE_ONLY___ │                         Name                        │  Version   │   Size   │
2026-10-02 13:50:04,371 INFO     ___FILE_ONLY___ 

2026-10-02 13:50:04,371 INFO     ___FILE_ONLY___ ├─────────────────────────────────────────────────────┼────────────┼──────────┤
2026-10-02 13:50:04,371 INFO     ___FILE_ONLY___ 

2026-10-02 13:50:04,371 INFO     ___FILE_ONLY___ │ 
2026-10-02 13:50:04,371 INFO     ___FILE_ONLY___ BigQuery Command Line Tool                         
2026-10-02 13:50:04,371 INFO     ___FILE_ONLY___  
2026-10-02 13:50:04,371 INFO     ___FILE_ONLY___ │ 
2026-10-02 13:50:04,371 INFO     ___FILE_ONLY___     2.1.39
2026-10-02 13:50:04,371 INFO     ___FILE_ONLY___  
2026-10-02 13:50:04,371 INFO     ___FILE_ONLY___ │ 
2026-10-02 13:50:04,371 INFO     ___FILE_ONLY___  2.2 MiB
2026-10-02 13:50:04,371 INFO     ___FILE_ONLY___  
2026-10-02 13:50:04,371 INFO     ___FILE_ONLY___ │
2026-10-02 13:50:04,371 INFO     ___FILE_ONLY___ 

2026-10-02 13:50:04,371 INFO     ___FILE_ONLY___ │ 
2026-10-02 13:50:04,372 INFO     ___FILE_ONLY___ BigQuery Command Line Tool (Platform Specific)     
2026-10-02 13:50:04,372 INFO     ___FILE_ONLY___  
2026-10-02 13:50:04,372 INFO     ___FILE_ONLY___ │ 
2026-10-02 13:50:04,372 INFO     ___FILE_ONLY___     2.1.32
2026-10-02 13:50:04,372 INFO     ___FILE_ONLY___  
2026-10-02 13:50:04,372 INFO     ___FILE_ONLY___ │ 
2026-10-02 13:50:04,372 INFO     ___FILE_ONLY___  < 1 MiB
2026-10-02 13:50:04,372 INFO     ___FILE_ONLY___  
2026-10-02 13:50:04,372 INFO     ___FILE_ONLY___ │
2026-10-02 13:50:04,372 INFO     ___FILE_ONLY___ 

2026-10-02 13:50:04,372 INFO     ___FILE_ONLY___ │ 
2026-10-02 13:50:04,372 INFO     ___FILE_ONLY___ Bundled Python 3.14 (Platform Specific)            
2026-10-02 13:50:04,372 INFO     ___FILE_ONLY___  
2026-10-02 13:50:04,372 INFO     ___FILE_ONLY___ │ 
2026-10-02 13:50:04,372 INFO     ___FILE_ONLY___     3.14.7
2026-10-02 13:50:04,372 INFO     ___FILE_ONLY___  
2026-10-02 13:50:04,372 INFO     ___FILE_ONLY___ │ 
2026-10-02 13:50:04,372 INFO     ___FILE_ONLY___ 32.6 MiB
2026-10-02 13:50:04,372 INFO     ___FILE_ONLY___  
2026-10-02 13:50:04,373 INFO     ___FILE_ONLY___ │
2026-10-02 13:50:04,373 INFO     ___FILE_ONLY___ 

2026-10-02 13:50:04,373 INFO     ___FILE_ONLY___ │ 
2026-10-02 13:50:04,373 INFO     ___FILE_ONLY___ Cloud Storage Command Line Tool                    
2026-10-02 13:50:04,373 INFO     ___FILE_ONLY___  
2026-10-02 13:50:04,373 INFO     ___FILE_ONLY___ │ 
2026-10-02 13:50:04,373 INFO     ___FILE_ONLY___       5.37
2026-10-02 13:50:04,373 INFO     ___FILE_ONLY___  
2026-10-02 13:50:04,373 INFO     ___FILE_ONLY___ │ 
2026-10-02 13:50:04,373 INFO     ___FILE_ONLY___ 12.4 MiB
2026-10-02 13:50:04,373 INFO     ___FILE_ONLY___  
2026-10-02 13:50:04,373 INFO     ___FILE_ONLY___ │
2026-10-02 13:50:04,373 INFO     ___FILE_ONLY___ 

2026-10-02 13:50:04,374 INFO     ___FILE_ONLY___ │ 
2026-10-02 13:50:04,374 INFO     ___FILE_ONLY___ Cloud Storage Command Line Tool (Platform Specific)
2026-10-02 13:50:04,374 INFO     ___FILE_ONLY___  
2026-10-02 13:50:04,374 INFO     ___FILE_ONLY___ │ 
2026-10-02 13:50:04,374 INFO     ___FILE_ONLY___       5.37
2026-10-02 13:50:04,374 INFO     ___FILE_ONLY___  
2026-10-02 13:50:04,374 INFO     ___FILE_ONLY___ │ 
2026-10-02 13:50:04,374 INFO     ___FILE_ONLY___  < 1 MiB
2026-10-02 13:50:04,374 INFO     ___FILE_ONLY___  
2026-10-02 13:50:04,374 INFO     ___FILE_ONLY___ │
2026-10-02 13:50:04,374 INFO     ___FILE_ONLY___ 

2026-10-02 13:50:04,374 INFO     ___FILE_ONLY___ │ 
2026-10-02 13:50:04,374 INFO     ___FILE_ONLY___ Default set of gcloud commands (Platform Specific) 
2026-10-02 13:50:04,374 INFO     ___FILE_ONLY___  
2026-10-02 13:50:04,374 INFO     ___FILE_ONLY___ │ 
2026-10-02 13:50:04,375 INFO     ___FILE_ONLY___ 2026.07.10
2026-10-02 13:50:04,375 INFO     ___FILE_ONLY___  
2026-10-02 13:50:04,375 INFO     ___FILE_ONLY___ │ 
2026-10-02 13:50:04,375 INFO     ___FILE_ONLY___  < 1 MiB
2026-10-02 13:50:04,375 INFO     ___FILE_ONLY___  
2026-10-02 13:50:04,375 INFO     ___FILE_ONLY___ │
2026-10-02 13:50:04,375 INFO     ___FILE_ONLY___ 

2026-10-02 13:50:04,375 INFO     ___FILE_ONLY___ │ 
2026-10-02 13:50:04,375 INFO     ___FILE_ONLY___ Google Cloud CLI Core Libraries (Platform Specific)
2026-10-02 13:50:04,375 INFO     ___FILE_ONLY___  
2026-10-02 13:50:04,375 INFO     ___FILE_ONLY___ │ 
2026-10-02 13:50:04,375 INFO     ___FILE_ONLY___ 2026.06.05
2026-10-02 13:50:04,375 INFO     ___FILE_ONLY___  
2026-10-02 13:50:04,375 INFO     ___FILE_ONLY___ │ 
2026-10-02 13:50:04,375 INFO     ___FILE_ONLY___  < 1 MiB
2026-10-02 13:50:04,376 INFO     ___FILE_ONLY___  
2026-10-02 13:50:04,376 INFO     ___FILE_ONLY___ │
2026-10-02 13:50:04,376 INFO     ___FILE_ONLY___ 

2026-10-02 13:50:04,376 INFO     ___FILE_ONLY___ │ 
2026-10-02 13:50:04,376 INFO     ___FILE_ONLY___ Google Cloud CRC32C Hash Tool (Platform Specific)  
2026-10-02 13:50:04,376 INFO     ___FILE_ONLY___  
2026-10-02 13:50:04,376 INFO     ___FILE_ONLY___ │ 
2026-10-02 13:50:04,376 INFO     ___FILE_ONLY___      1.0.0
2026-10-02 13:50:04,376 INFO     ___FILE_ONLY___  
2026-10-02 13:50:04,376 INFO     ___FILE_ONLY___ │ 
2026-10-02 13:50:04,376 INFO     ___FILE_ONLY___  1.5 MiB
2026-10-02 13:50:04,376 INFO     ___FILE_ONLY___  
2026-10-02 13:50:04,376 INFO     ___FILE_ONLY___ │
2026-10-02 13:50:04,376 INFO     ___FILE_ONLY___ 

2026-10-02 13:50:04,376 INFO     ___FILE_ONLY___ │ 
2026-10-02 13:50:04,377 INFO     ___FILE_ONLY___ gcloud cli dependencies (Platform Specific)        
2026-10-02 13:50:04,377 INFO     ___FILE_ONLY___  
2026-10-02 13:50:04,377 INFO     ___FILE_ONLY___ │ 
2026-10-02 13:50:04,377 INFO     ___FILE_ONLY___ 2021.04.16
2026-10-02 13:50:04,377 INFO     ___FILE_ONLY___  
2026-10-02 13:50:04,377 INFO     ___FILE_ONLY___ │ 
2026-10-02 13:50:04,377 INFO     ___FILE_ONLY___  < 1 MiB
2026-10-02 13:50:04,377 INFO     ___FILE_ONLY___  
2026-10-02 13:50:04,377 INFO     ___FILE_ONLY___ │
2026-10-02 13:50:04,377 INFO     ___FILE_ONLY___ 

2026-10-02 13:50:04,377 INFO     ___FILE_ONLY___ └─────────────────────────────────────────────────────┴────────────┴──────────┘
2026-10-02 13:50:04,377 INFO     ___FILE_ONLY___ 

2026-10-02 13:50:04,377 INFO     ___FILE_ONLY___ 

2026-10-02 13:50:04,378 DEBUG    root            On GCE from memory cache: False
2026-10-02 13:50:04,379 DEBUG    root            On GCE from memory cache: False
2026-10-02 13:50:04,381 DEBUG    urllib3.connectionpool Starting new HTTPS connection (1): dl.google.com:443
2026-10-02 13:50:04,393 DEBUG    urllib3.connectionpool https://dl.google.com:443 "GET /dl/cloudsdk/channels/rapid/RELEASE_NOTES HTTP/1.1" 200 407785
2026-10-02 13:50:04,963 INFO     ___FILE_ONLY___ For the latest full release notes, please visit:
  https://cloud.google.com/sdk/release_notes


2026-10-02 13:50:04,964 INFO     ___FILE_ONLY___ Performing in place update...


2026-10-02 13:50:04,966 INFO     ___FILE_ONLY___ ╔════════════════════════════════════════════════════════════╗

2026-10-02 13:50:04,966 INFO     ___FILE_ONLY___ ╠═ Downloading: BigQuery Command Line Tool                  ═╣

2026-10-02 13:50:04,966 INFO     ___FILE_ONLY___ ╚
2026-10-02 13:50:04,967 DEBUG    root            On GCE from memory cache: False
2026-10-02 13:50:04,968 DEBUG    root            On GCE from memory cache: False
2026-10-02 13:50:04,969 DEBUG    urllib3.connectionpool Starting new HTTPS connection (1): dl.google.com:443
2026-10-02 13:50:04,983 DEBUG    urllib3.connectionpool https://dl.google.com:443 "GET /dl/cloudsdk/channels/rapid/components/google-cloud-sdk-bq-20260925073854.tar.gz HTTP/1.1" 200 2295342
2026-10-02 13:50:04,995 INFO     ___FILE_ONLY___ ═
2026-10-02 13:50:04,995 INFO     ___FILE_ONLY___ ═
2026-10-02 13:50:04,996 INFO     ___FILE_ONLY___ ═
2026-10-02 13:50:04,996 INFO     ___FILE_ONLY___ ═
2026-10-02 13:50:04,996 INFO     ___FILE_ONLY___ ═
2026-10-02 13:50:04,996 INFO     ___FILE_ONLY___ ═
2026-10-02 13:50:04,996 INFO     ___FILE_ONLY___ ═
2026-10-02 13:50:04,996 INFO     ___FILE_ONLY___ ═
2026-10-02 13:50:04,996 INFO     ___FILE_ONLY___ ═
2026-10-02 13:50:04,996 INFO     ___FILE_ONLY___ ═
2026-10-02 13:50:04,997 INFO     ___FILE_ONLY___ ═
2026-10-02 13:50:04,997 INFO     ___FILE_ONLY___ ═
2026-10-02 13:50:04,997 INFO     ___FILE_ONLY___ ═
2026-10-02 13:50:04,997 INFO     ___FILE_ONLY___ ═
2026-10-02 13:50:04,997 INFO     ___FILE_ONLY___ ═
2026-10-02 13:50:04,997 INFO     ___FILE_ONLY___ ═
2026-10-02 13:50:04,997 INFO     ___FILE_ONLY___ ═
2026-10-02 13:50:04,997 INFO     ___FILE_ONLY___ ═
2026-10-02 13:50:04,997 INFO     ___FILE_ONLY___ ═
2026-10-02 13:50:04,997 INFO     ___FILE_ONLY___ ═
2026-10-02 13:50:04,998 INFO     ___FILE_ONLY___ ═
2026-10-02 13:50:04,998 INFO     ___FILE_ONLY___ ═
2026-10-02 13:50:04,998 INFO     ___FILE_ONLY___ ═
2026-10-02 13:50:04,998 INFO     ___FILE_ONLY___ ═
2026-10-02 13:50:04,998 INFO     ___FILE_ONLY___ ═
2026-10-02 13:50:04,998 INFO     ___FILE_ONLY___ ═
2026-10-02 13:50:04,998 INFO     ___FILE_ONLY___ ═
2026-10-02 13:50:04,998 INFO     ___FILE_ONLY___ ═
2026-10-02 13:50:04,998 INFO     ___FILE_ONLY___ ═
2026-10-02 13:50:04,999 INFO     ___FILE_ONLY___ ═
2026-10-02 13:50:04,999 INFO     ___FILE_ONLY___ ═
2026-10-02 13:50:04,999 INFO     ___FILE_ONLY___ ═
2026-10-02 13:50:04,999 INFO     ___FILE_ONLY___ ═
2026-10-02 13:50:04,999 INFO     ___FILE_ONLY___ ═
2026-10-02 13:50:04,999 INFO     ___FILE_ONLY___ ═
2026-10-02 13:50:04,999 INFO     ___FILE_ONLY___ ═
2026-10-02 13:50:04,999 INFO     ___FILE_ONLY___ ═
2026-10-02 13:50:04,999 INFO     ___FILE_ONLY___ ═
2026-10-02 13:50:04,999 INFO     ___FILE_ONLY___ ═
2026-10-02 13:50:05,000 INFO     ___FILE_ONLY___ ═
2026-10-02 13:50:05,000 INFO     ___FILE_ONLY___ ═
2026-10-02 13:50:05,000 INFO     ___FILE_ONLY___ ═
2026-10-02 13:50:05,000 INFO     ___FILE_ONLY___ ═
2026-10-02 13:50:05,000 INFO     ___FILE_ONLY___ ═
2026-10-02 13:50:05,000 INFO     ___FILE_ONLY___ ═
2026-10-02 13:50:05,000 INFO     ___FILE_ONLY___ ═
2026-10-02 13:50:05,000 INFO     ___FILE_ONLY___ ═
2026-10-02 13:50:05,000 INFO     ___FILE_ONLY___ ═
2026-10-02 13:50:05,001 INFO     ___FILE_ONLY___ ═
2026-10-02 13:50:05,001 INFO     ___FILE_ONLY___ ═
2026-10-02 13:50:05,001 INFO     ___FILE_ONLY___ ═
2026-10-02 13:50:05,001 INFO     ___FILE_ONLY___ ═
2026-10-02 13:50:05,001 INFO     ___FILE_ONLY___ ═
2026-10-02 13:50:05,001 INFO     ___FILE_ONLY___ ═
2026-10-02 13:50:05,001 INFO     ___FILE_ONLY___ ═
2026-10-02 13:50:05,002 INFO     ___FILE_ONLY___ ═
2026-10-02 13:50:05,002 INFO     ___FILE_ONLY___ ═
2026-10-02 13:50:05,002 INFO     ___FILE_ONLY___ ═
2026-10-02 13:50:05,002 INFO     ___FILE_ONLY___ ═
2026-10-02 13:50:05,002 INFO     ___FILE_ONLY___ ═
2026-10-02 13:50:05,002 INFO     ___FILE_ONLY___ ╝

2026-10-02 13:50:05,004 INFO     ___FILE_ONLY___ ╔════════════════════════════════════════════════════════════╗

2026-10-02 13:50:05,004 INFO     ___FILE_ONLY___ ╠═ Downloading: BigQuery Command Line Tool (Platform Spe... ═╣

2026-10-02 13:50:05,004 INFO     ___FILE_ONLY___ ╚
2026-10-02 13:50:05,006 DEBUG    root            On GCE from memory cache: False
2026-10-02 13:50:05,007 DEBUG    root            On GCE from memory cache: False
2026-10-02 13:50:05,007 DEBUG    urllib3.connectionpool Starting new HTTPS connection (1): dl.google.com:443
2026-10-02 13:50:05,021 DEBUG    urllib3.connectionpool https://dl.google.com:443 "GET /dl/cloudsdk/channels/rapid/components/google-cloud-sdk-bq-nix-20260605120704.tar.gz HTTP/1.1" 200 1948
2026-10-02 13:50:05,022 INFO     ___FILE_ONLY___ ════════════════════════════════════════════════════════════
2026-10-02 13:50:05,022 INFO     ___FILE_ONLY___ ╝

2026-10-02 13:50:05,024 INFO     ___FILE_ONLY___ ╔════════════════════════════════════════════════════════════╗

2026-10-02 13:50:05,024 INFO     ___FILE_ONLY___ ╠═ Downloading: Bundled Python 3.14                         ═╣

2026-10-02 13:50:05,024 INFO     ___FILE_ONLY___ ╚
2026-10-02 13:50:05,024 INFO     ___FILE_ONLY___ ════════════════════════════════════════════════════════════
2026-10-02 13:50:05,024 INFO     ___FILE_ONLY___ ╝

2026-10-02 13:50:05,026 INFO     ___FILE_ONLY___ ╔════════════════════════════════════════════════════════════╗

2026-10-02 13:50:05,026 INFO     ___FILE_ONLY___ ╠═ Downloading: Bundled Python 3.14 (Platform Specific)     ═╣

2026-10-02 13:50:05,026 INFO     ___FILE_ONLY___ ╚
2026-10-02 13:50:05,027 DEBUG    root            On GCE from memory cache: False
2026-10-02 13:50:05,028 DEBUG    root            On GCE from memory cache: False
2026-10-02 13:50:05,029 DEBUG    urllib3.connectionpool Starting new HTTPS connection (1): dl.google.com:443
2026-10-02 13:50:05,045 DEBUG    urllib3.connectionpool https://dl.google.com:443 "GET /dl/cloudsdk/channels/rapid/components/google-cloud-sdk-bundled-python3-unix-linux-x86_64-20260925073854.tar.gz HTTP/1.1" 200 34182950
2026-10-02 13:50:05,141 INFO     ___FILE_ONLY___ ═
2026-10-02 13:50:05,142 INFO     ___FILE_ONLY___ ═
2026-10-02 13:50:05,142 INFO     ___FILE_ONLY___ ═
2026-10-02 13:50:05,143 INFO     ___FILE_ONLY___ ═
2026-10-02 13:50:05,144 INFO     ___FILE_ONLY___ ═
2026-10-02 13:50:05,145 INFO     ___FILE_ONLY___ ═
2026-10-02 13:50:05,146 INFO     ___FILE_ONLY___ ═
2026-10-02 13:50:05,147 INFO     ___FILE_ONLY___ ═
2026-10-02 13:50:05,147 INFO     ___FILE_ONLY___ ═
2026-10-02 13:50:05,148 INFO     ___FILE_ONLY___ ═
2026-10-02 13:50:05,149 INFO     ___FILE_ONLY___ ═
2026-10-02 13:50:05,150 INFO     ___FILE_ONLY___ ═
2026-10-02 13:50:05,151 INFO     ___FILE_ONLY___ ═
2026-10-02 13:50:05,152 INFO     ___FILE_ONLY___ ═
2026-10-02 13:50:05,152 INFO     ___FILE_ONLY___ ═
2026-10-02 13:50:05,153 INFO     ___FILE_ONLY___ ═
2026-10-02 13:50:05,154 INFO     ___FILE_ONLY___ ═
2026-10-02 13:50:05,155 INFO     ___FILE_ONLY___ ═
2026-10-02 13:50:05,156 INFO     ___FILE_ONLY___ ═
2026-10-02 13:50:05,157 INFO     ___FILE_ONLY___ ═
2026-10-02 13:50:05,157 INFO     ___FILE_ONLY___ ═
2026-10-02 13:50:05,158 INFO     ___FILE_ONLY___ ═
2026-10-02 13:50:05,159 INFO     ___FILE_ONLY___ ═
2026-10-02 13:50:05,160 INFO     ___FILE_ONLY___ ═
2026-10-02 13:50:05,161 INFO     ___FILE_ONLY___ ═
2026-10-02 13:50:05,162 INFO     ___FILE_ONLY___ ═
2026-10-02 13:50:05,162 INFO     ___FILE_ONLY___ ═
2026-10-02 13:50:05,163 INFO     ___FILE_ONLY___ ═
2026-10-02 13:50:05,164 INFO     ___FILE_ONLY___ ═
2026-10-02 13:50:05,165 INFO     ___FILE_ONLY___ ═
2026-10-02 13:50:05,166 INFO     ___FILE_ONLY___ ═
2026-10-02 13:50:05,167 INFO     ___FILE_ONLY___ ═
2026-10-02 13:50:05,167 INFO     ___FILE_ONLY___ ═
2026-10-02 13:50:05,168 INFO     ___FILE_ONLY___ ═
2026-10-02 13:50:05,169 INFO     ___FILE_ONLY___ ═
2026-10-02 13:50:05,170 INFO     ___FILE_ONLY___ ═
2026-10-02 13:50:05,171 INFO     ___FILE_ONLY___ ═
2026-10-02 13:50:05,171 INFO     ___FILE_ONLY___ ═
2026-10-02 13:50:05,172 INFO     ___FILE_ONLY___ ═
2026-10-02 13:50:05,173 INFO     ___FILE_ONLY___ ═
2026-10-02 13:50:05,174 INFO     ___FILE_ONLY___ ═
2026-10-02 13:50:05,175 INFO     ___FILE_ONLY___ ═
2026-10-02 13:50:05,176 INFO     ___FILE_ONLY___ ═
2026-10-02 13:50:05,176 INFO     ___FILE_ONLY___ ═
2026-10-02 13:50:05,177 INFO     ___FILE_ONLY___ ═
2026-10-02 13:50:05,178 INFO     ___FILE_ONLY___ ═
2026-10-02 13:50:05,179 INFO     ___FILE_ONLY___ ═
2026-10-02 13:50:05,180 INFO     ___FILE_ONLY___ ═
2026-10-02 13:50:05,180 INFO     ___FILE_ONLY___ ═
2026-10-02 13:50:05,181 INFO     ___FILE_ONLY___ ═
2026-10-02 13:50:05,182 INFO     ___FILE_ONLY___ ═
2026-10-02 13:50:05,183 INFO     ___FILE_ONLY___ ═
2026-10-02 13:50:05,184 INFO     ___FILE_ONLY___ ═
2026-10-02 13:50:05,185 INFO     ___FILE_ONLY___ ═
2026-10-02 13:50:05,186 INFO     ___FILE_ONLY___ ═
2026-10-02 13:50:05,187 INFO     ___FILE_ONLY___ ═
2026-10-02 13:50:05,187 INFO     ___FILE_ONLY___ ═
2026-10-02 13:50:05,188 INFO     ___FILE_ONLY___ ═
2026-10-02 13:50:05,189 INFO     ___FILE_ONLY___ ═
2026-10-02 13:50:05,190 INFO     ___FILE_ONLY___ ═
2026-10-02 13:50:05,190 INFO     ___FILE_ONLY___ ╝

2026-10-02 13:50:05,192 INFO     ___FILE_ONLY___ ╔════════════════════════════════════════════════════════════╗

2026-10-02 13:50:05,192 INFO     ___FILE_ONLY___ ╠═ Downloading: Cloud Storage Command Line Tool             ═╣

2026-10-02 13:50:05,192 INFO     ___FILE_ONLY___ ╚
2026-10-02 13:50:05,193 DEBUG    root            On GCE from memory cache: False
2026-10-02 13:50:05,194 DEBUG    root            On GCE from memory cache: False
2026-10-02 13:50:05,195 DEBUG    urllib3.connectionpool Starting new HTTPS connection (1): dl.google.com:443
2026-10-02 13:50:05,209 DEBUG    urllib3.connectionpool https://dl.google.com:443 "GET /dl/cloudsdk/channels/rapid/components/google-cloud-sdk-gsutil-20260501041631.tar.gz HTTP/1.1" 200 12967034
2026-10-02 13:50:05,250 INFO     ___FILE_ONLY___ ═
2026-10-02 13:50:05,250 INFO     ___FILE_ONLY___ ═
2026-10-02 13:50:05,251 INFO     ___FILE_ONLY___ ═
2026-10-02 13:50:05,251 INFO     ___FILE_ONLY___ ═
2026-10-02 13:50:05,252 INFO     ___FILE_ONLY___ ═
2026-10-02 13:50:05,252 INFO     ___FILE_ONLY___ ═
2026-10-02 13:50:05,252 INFO     ___FILE_ONLY___ ═
2026-10-02 13:50:05,253 INFO     ___FILE_ONLY___ ═
2026-10-02 13:50:05,253 INFO     ___FILE_ONLY___ ═
2026-10-02 13:50:05,254 INFO     ___FILE_ONLY___ ═
2026-10-02 13:50:05,254 INFO     ___FILE_ONLY___ ═
2026-10-02 13:50:05,254 INFO     ___FILE_ONLY___ ═
2026-10-02 13:50:05,255 INFO     ___FILE_ONLY___ ═
2026-10-02 13:50:05,255 INFO     ___FILE_ONLY___ ═
2026-10-02 13:50:05,256 INFO     ___FILE_ONLY___ ═
2026-10-02 13:50:05,256 INFO     ___FILE_ONLY___ ═
2026-10-02 13:50:05,257 INFO     ___FILE_ONLY___ ═
2026-10-02 13:50:05,257 INFO     ___FILE_ONLY___ ═
2026-10-02 13:50:05,257 INFO     ___FILE_ONLY___ ═
2026-10-02 13:50:05,258 INFO     ___FILE_ONLY___ ═
2026-10-02 13:50:05,258 INFO     ___FILE_ONLY___ ═
2026-10-02 13:50:05,259 INFO     ___FILE_ONLY___ ═
2026-10-02 13:50:05,259 INFO     ___FILE_ONLY___ ═
2026-10-02 13:50:05,259 INFO     ___FILE_ONLY___ ═
2026-10-02 13:50:05,260 INFO     ___FILE_ONLY___ ═
2026-10-02 13:50:05,260 INFO     ___FILE_ONLY___ ═
2026-10-02 13:50:05,261 INFO     ___FILE_ONLY___ ═
2026-10-02 13:50:05,261 INFO     ___FILE_ONLY___ ═
2026-10-02 13:50:05,261 INFO     ___FILE_ONLY___ ═
2026-10-02 13:50:05,262 INFO     ___FILE_ONLY___ ═
2026-10-02 13:50:05,262 INFO     ___FILE_ONLY___ ═
2026-10-02 13:50:05,263 INFO     ___FILE_ONLY___ ═
2026-10-02 13:50:05,263 INFO     ___FILE_ONLY___ ═
2026-10-02 13:50:05,264 INFO     ___FILE_ONLY___ ═
2026-10-02 13:50:05,264 INFO     ___FILE_ONLY___ ═
2026-10-02 13:50:05,265 INFO     ___FILE_ONLY___ ═
2026-10-02 13:50:05,265 INFO     ___FILE_ONLY___ ═
2026-10-02 13:50:05,265 INFO     ___FILE_ONLY___ ═
2026-10-02 13:50:05,266 INFO     ___FILE_ONLY___ ═
2026-10-02 13:50:05,266 INFO     ___FILE_ONLY___ ═
2026-10-02 13:50:05,267 INFO     ___FILE_ONLY___ ═
2026-10-02 13:50:05,267 INFO     ___FILE_ONLY___ ═
2026-10-02 13:50:05,268 INFO     ___FILE_ONLY___ ═
2026-10-02 13:50:05,268 INFO     ___FILE_ONLY___ ═
2026-10-02 13:50:05,268 INFO     ___FILE_ONLY___ ═
2026-10-02 13:50:05,269 INFO     ___FILE_ONLY___ ═
2026-10-02 13:50:05,269 INFO     ___FILE_ONLY___ ═
2026-10-02 13:50:05,270 INFO     ___FILE_ONLY___ ═
2026-10-02 13:50:05,270 INFO     ___FILE_ONLY___ ═
2026-10-02 13:50:05,271 INFO     ___FILE_ONLY___ ═
2026-10-02 13:50:05,271 INFO     ___FILE_ONLY___ ═
2026-10-02 13:50:05,271 INFO     ___FILE_ONLY___ ═
2026-10-02 13:50:05,272 INFO     ___FILE_ONLY___ ═
2026-10-02 13:50:05,272 INFO     ___FILE_ONLY___ ═
2026-10-02 13:50:05,272 INFO     ___FILE_ONLY___ ═
2026-10-02 13:50:05,273 INFO     ___FILE_ONLY___ ═
2026-10-02 13:50:05,273 INFO     ___FILE_ONLY___ ═
2026-10-02 13:50:05,273 INFO     ___FILE_ONLY___ ═
2026-10-02 13:50:05,274 INFO     ___FILE_ONLY___ ═
2026-10-02 13:50:05,274 INFO     ___FILE_ONLY___ ═
2026-10-02 13:50:05,274 INFO     ___FILE_ONLY___ ╝

2026-10-02 13:50:05,276 INFO     ___FILE_ONLY___ ╔════════════════════════════════════════════════════════════╗

2026-10-02 13:50:05,276 INFO     ___FILE_ONLY___ ╠═ Downloading: Cloud Storage Command Line Tool (Platfor... ═╣

2026-10-02 13:50:05,276 INFO     ___FILE_ONLY___ ╚
2026-10-02 13:50:05,277 DEBUG    root            On GCE from memory cache: False
2026-10-02 13:50:05,278 DEBUG    root            On GCE from memory cache: False
2026-10-02 13:50:05,278 DEBUG    urllib3.connectionpool Starting new HTTPS connection (1): dl.google.com:443
2026-10-02 13:50:05,289 DEBUG    urllib3.connectionpool https://dl.google.com:443 "GET /dl/cloudsdk/channels/rapid/components/google-cloud-sdk-gsutil-nix-20260605120704.tar.gz HTTP/1.1" 200 1963
2026-10-02 13:50:05,289 INFO     ___FILE_ONLY___ ════════════════════════════════════════════════════════════
2026-10-02 13:50:05,289 INFO     ___FILE_ONLY___ ╝

2026-10-02 13:50:05,291 INFO     ___FILE_ONLY___ ╔════════════════════════════════════════════════════════════╗

2026-10-02 13:50:05,291 INFO     ___FILE_ONLY___ ╠═ Downloading: Default set of gcloud commands              ═╣

2026-10-02 13:50:05,291 INFO     ___FILE_ONLY___ ╚
2026-10-02 13:50:05,291 INFO     ___FILE_ONLY___ ════════════════════════════════════════════════════════════
2026-10-02 13:50:05,292 INFO     ___FILE_ONLY___ ╝

2026-10-02 13:50:05,293 INFO     ___FILE_ONLY___ ╔════════════════════════════════════════════════════════════╗

2026-10-02 13:50:05,294 INFO     ___FILE_ONLY___ ╠═ Downloading: Default set of gcloud commands (Platform... ═╣

2026-10-02 13:50:05,294 INFO     ___FILE_ONLY___ ╚
2026-10-02 13:50:05,295 DEBUG    root            On GCE from memory cache: False
2026-10-02 13:50:05,296 DEBUG    root            On GCE from memory cache: False
2026-10-02 13:50:05,296 DEBUG    urllib3.connectionpool Starting new HTTPS connection (1): dl.google.com:443
2026-10-02 13:50:05,311 DEBUG    urllib3.connectionpool https://dl.google.com:443 "GET /dl/cloudsdk/channels/rapid/components/google-cloud-sdk-gcloud-linux-x86_64-20260710150251.tar.gz HTTP/1.1" 200 99
2026-10-02 13:50:05,311 INFO     ___FILE_ONLY___ ════════════════════════════════════════════════════════════
2026-10-02 13:50:05,312 INFO     ___FILE_ONLY___ ╝

2026-10-02 13:50:05,313 INFO     ___FILE_ONLY___ ╔════════════════════════════════════════════════════════════╗

2026-10-02 13:50:05,313 INFO     ___FILE_ONLY___ ╠═ Downloading: Google Cloud CLI Core Libraries (Platfor... ═╣

2026-10-02 13:50:05,313 INFO     ___FILE_ONLY___ ╚
2026-10-02 13:50:05,314 DEBUG    root            On GCE from memory cache: False
2026-10-02 13:50:05,315 DEBUG    root            On GCE from memory cache: False
2026-10-02 13:50:05,316 DEBUG    urllib3.connectionpool Starting new HTTPS connection (1): dl.google.com:443
2026-10-02 13:50:05,328 DEBUG    urllib3.connectionpool https://dl.google.com:443 "GET /dl/cloudsdk/channels/rapid/components/google-cloud-sdk-core-nix-20260605120704.tar.gz HTTP/1.1" 200 2342
2026-10-02 13:50:05,328 INFO     ___FILE_ONLY___ ════════════════════════════════════════════════════════════
2026-10-02 13:50:05,328 INFO     ___FILE_ONLY___ ╝

2026-10-02 13:50:05,330 INFO     ___FILE_ONLY___ ╔════════════════════════════════════════════════════════════╗

2026-10-02 13:50:05,330 INFO     ___FILE_ONLY___ ╠═ Downloading: Google Cloud CRC32C Hash Tool               ═╣

2026-10-02 13:50:05,330 INFO     ___FILE_ONLY___ ╚
2026-10-02 13:50:05,331 INFO     ___FILE_ONLY___ ════════════════════════════════════════════════════════════
2026-10-02 13:50:05,331 INFO     ___FILE_ONLY___ ╝

2026-10-02 13:50:05,332 INFO     ___FILE_ONLY___ ╔════════════════════════════════════════════════════════════╗

2026-10-02 13:50:05,332 INFO     ___FILE_ONLY___ ╠═ Downloading: Google Cloud CRC32C Hash Tool (Platform ... ═╣

2026-10-02 13:50:05,332 INFO     ___FILE_ONLY___ ╚
2026-10-02 13:50:05,333 DEBUG    root            On GCE from memory cache: False
2026-10-02 13:50:05,334 DEBUG    root            On GCE from memory cache: False
2026-10-02 13:50:05,335 DEBUG    urllib3.connectionpool Starting new HTTPS connection (1): dl.google.com:443
2026-10-02 13:50:05,350 DEBUG    urllib3.connectionpool https://dl.google.com:443 "GET /dl/cloudsdk/channels/rapid/components/google-cloud-sdk-gcloud-crc32c-linux-x86_64-20260821073916.tar.gz HTTP/1.1" 200 1610557
2026-10-02 13:50:05,360 INFO     ___FILE_ONLY___ ═
2026-10-02 13:50:05,360 INFO     ___FILE_ONLY___ ═
2026-10-02 13:50:05,360 INFO     ___FILE_ONLY___ ═
2026-10-02 13:50:05,360 INFO     ___FILE_ONLY___ ═
2026-10-02 13:50:05,360 INFO     ___FILE_ONLY___ ═
2026-10-02 13:50:05,360 INFO     ___FILE_ONLY___ ═
2026-10-02 13:50:05,360 INFO     ___FILE_ONLY___ ═
2026-10-02 13:50:05,360 INFO     ___FILE_ONLY___ ═
2026-10-02 13:50:05,360 INFO     ___FILE_ONLY___ ═
2026-10-02 13:50:05,361 INFO     ___FILE_ONLY___ ═
2026-10-02 13:50:05,361 INFO     ___FILE_ONLY___ ═
2026-10-02 13:50:05,361 INFO     ___FILE_ONLY___ ═
2026-10-02 13:50:05,361 INFO     ___FILE_ONLY___ ═
2026-10-02 13:50:05,361 INFO     ___FILE_ONLY___ ═
2026-10-02 13:50:05,361 INFO     ___FILE_ONLY___ ═
2026-10-02 13:50:05,361 INFO     ___FILE_ONLY___ ═
2026-10-02 13:50:05,361 INFO     ___FILE_ONLY___ ═
2026-10-02 13:50:05,361 INFO     ___FILE_ONLY___ ═
2026-10-02 13:50:05,361 INFO     ___FILE_ONLY___ ═
2026-10-02 13:50:05,361 INFO     ___FILE_ONLY___ ═
2026-10-02 13:50:05,362 INFO     ___FILE_ONLY___ ═
2026-10-02 13:50:05,362 INFO     ___FILE_ONLY___ ═
2026-10-02 13:50:05,362 INFO     ___FILE_ONLY___ ═
2026-10-02 13:50:05,362 INFO     ___FILE_ONLY___ ═
2026-10-02 13:50:05,362 INFO     ___FILE_ONLY___ ═
2026-10-02 13:50:05,362 INFO     ___FILE_ONLY___ ═
2026-10-02 13:50:05,362 INFO     ___FILE_ONLY___ ═
2026-10-02 13:50:05,362 INFO     ___FILE_ONLY___ ═
2026-10-02 13:50:05,362 INFO     ___FILE_ONLY___ ═
2026-10-02 13:50:05,362 INFO     ___FILE_ONLY___ ═
2026-10-02 13:50:05,362 INFO     ___FILE_ONLY___ ═
2026-10-02 13:50:05,362 INFO     ___FILE_ONLY___ ═
2026-10-02 13:50:05,363 INFO     ___FILE_ONLY___ ═
2026-10-02 13:50:05,363 INFO     ___FILE_ONLY___ ═
2026-10-02 13:50:05,363 INFO     ___FILE_ONLY___ ═
2026-10-02 13:50:05,363 INFO     ___FILE_ONLY___ ═
2026-10-02 13:50:05,363 INFO     ___FILE_ONLY___ ═
2026-10-02 13:50:05,363 INFO     ___FILE_ONLY___ ═
2026-10-02 13:50:05,363 INFO     ___FILE_ONLY___ ═
2026-10-02 13:50:05,363 INFO     ___FILE_ONLY___ ═
2026-10-02 13:50:05,363 INFO     ___FILE_ONLY___ ═
2026-10-02 13:50:05,363 INFO     ___FILE_ONLY___ ═
2026-10-02 13:50:05,363 INFO     ___FILE_ONLY___ ═
2026-10-02 13:50:05,364 INFO     ___FILE_ONLY___ ═
2026-10-02 13:50:05,364 INFO     ___FILE_ONLY___ ═
2026-10-02 13:50:05,364 INFO     ___FILE_ONLY___ ═
2026-10-02 13:50:05,364 INFO     ___FILE_ONLY___ ═
2026-10-02 13:50:05,364 INFO     ___FILE_ONLY___ ═
2026-10-02 13:50:05,364 INFO     ___FILE_ONLY___ ═
2026-10-02 13:50:05,364 INFO     ___FILE_ONLY___ ═
2026-10-02 13:50:05,364 INFO     ___FILE_ONLY___ ═
2026-10-02 13:50:05,364 INFO     ___FILE_ONLY___ ═
2026-10-02 13:50:05,364 INFO     ___FILE_ONLY___ ═
2026-10-02 13:50:05,364 INFO     ___FILE_ONLY___ ═
2026-10-02 13:50:05,364 INFO     ___FILE_ONLY___ ═
2026-10-02 13:50:05,364 INFO     ___FILE_ONLY___ ═
2026-10-02 13:50:05,365 INFO     ___FILE_ONLY___ ═
2026-10-02 13:50:05,365 INFO     ___FILE_ONLY___ ═
2026-10-02 13:50:05,365 INFO     ___FILE_ONLY___ ═
2026-10-02 13:50:05,365 INFO     ___FILE_ONLY___ ═
2026-10-02 13:50:05,365 INFO     ___FILE_ONLY___ ╝

2026-10-02 13:50:05,367 INFO     ___FILE_ONLY___ ╔════════════════════════════════════════════════════════════╗

2026-10-02 13:50:05,367 INFO     ___FILE_ONLY___ ╠═ Downloading: gcloud cli dependencies (Platform Specific) ═╣

2026-10-02 13:50:05,367 INFO     ___FILE_ONLY___ ╚
2026-10-02 13:50:05,368 DEBUG    root            On GCE from memory cache: False
2026-10-02 13:50:05,369 DEBUG    root            On GCE from memory cache: False
2026-10-02 13:50:05,370 DEBUG    urllib3.connectionpool Starting new HTTPS connection (1): dl.google.com:443
2026-10-02 13:50:05,382 DEBUG    urllib3.connectionpool https://dl.google.com:443 "GET /dl/cloudsdk/channels/rapid/components/google-cloud-sdk-gcloud-deps-linux-x86_64-20210416153011.tar.gz HTTP/1.1" 200 104
2026-10-02 13:50:05,382 INFO     ___FILE_ONLY___ ════════════════════════════════════════════════════════════
2026-10-02 13:50:05,382 INFO     ___FILE_ONLY___ ╝

2026-10-02 13:50:05,384 INFO     ___FILE_ONLY___ ╔════════════════════════════════════════════════════════════╗

2026-10-02 13:50:05,384 INFO     ___FILE_ONLY___ ╠═ Installing: BigQuery Command Line Tool                   ═╣

2026-10-02 13:50:05,384 INFO     ___FILE_ONLY___ ╚
2026-10-02 13:50:05,457 INFO     ___FILE_ONLY___ ═
2026-10-02 13:50:05,460 INFO     ___FILE_ONLY___ ═
2026-10-02 13:50:05,463 INFO     ___FILE_ONLY___ ═
2026-10-02 13:50:05,466 INFO     ___FILE_ONLY___ ═
2026-10-02 13:50:05,469 INFO     ___FILE_ONLY___ ═
2026-10-02 13:50:05,471 INFO     ___FILE_ONLY___ ═
2026-10-02 13:50:05,474 INFO     ___FILE_ONLY___ ═
2026-10-02 13:50:05,476 INFO     ___FILE_ONLY___ ═
2026-10-02 13:50:05,479 INFO     ___FILE_ONLY___ ═
2026-10-02 13:50:05,481 INFO     ___FILE_ONLY___ ═
2026-10-02 13:50:05,484 INFO     ___FILE_ONLY___ ═
2026-10-02 13:50:05,486 INFO     ___FILE_ONLY___ ═
2026-10-02 13:50:05,488 INFO     ___FILE_ONLY___ ═
2026-10-02 13:50:05,490 INFO     ___FILE_ONLY___ ═
2026-10-02 13:50:05,493 INFO     ___FILE_ONLY___ ═
2026-10-02 13:50:05,495 INFO     ___FILE_ONLY___ ═
2026-10-02 13:50:05,497 INFO     ___FILE_ONLY___ ═
2026-10-02 13:50:05,500 INFO     ___FILE_ONLY___ ═
2026-10-02 13:50:05,503 INFO     ___FILE_ONLY___ ═
2026-10-02 13:50:05,505 INFO     ___FILE_ONLY___ ═
2026-10-02 13:50:05,507 INFO     ___FILE_ONLY___ ═
2026-10-02 13:50:05,509 INFO     ___FILE_ONLY___ ═
2026-10-02 13:50:05,512 INFO     ___FILE_ONLY___ ═
2026-10-02 13:50:05,514 INFO     ___FILE_ONLY___ ═
2026-10-02 13:50:05,516 INFO     ___FILE_ONLY___ ═
2026-10-02 13:50:05,518 INFO     ___FILE_ONLY___ ═
2026-10-02 13:50:05,520 INFO     ___FILE_ONLY___ ═
2026-10-02 13:50:05,522 INFO     ___FILE_ONLY___ ═
2026-10-02 13:50:05,524 INFO     ___FILE_ONLY___ ═
2026-10-02 13:50:05,526 INFO     ___FILE_ONLY___ ═
2026-10-02 13:50:05,527 INFO     ___FILE_ONLY___ ═
2026-10-02 13:50:05,529 INFO     ___FILE_ONLY___ ═
2026-10-02 13:50:05,531 INFO     ___FILE_ONLY___ ═
2026-10-02 13:50:05,535 INFO     ___FILE_ONLY___ ═
2026-10-02 13:50:05,537 INFO     ___FILE_ONLY___ ═
2026-10-02 13:50:05,539 INFO     ___FILE_ONLY___ ═
2026-10-02 13:50:05,541 INFO     ___FILE_ONLY___ ═
2026-10-02 13:50:05,544 INFO     ___FILE_ONLY___ ═
2026-10-02 13:50:05,546 INFO     ___FILE_ONLY___ ═
2026-10-02 13:50:05,550 INFO     ___FILE_ONLY___ ═
2026-10-02 13:50:05,555 INFO     ___FILE_ONLY___ ═
2026-10-02 13:50:05,557 INFO     ___FILE_ONLY___ ═
2026-10-02 13:50:05,565 INFO     ___FILE_ONLY___ ═
2026-10-02 13:50:05,567 INFO     ___FILE_ONLY___ ═
2026-10-02 13:50:05,570 INFO     ___FILE_ONLY___ ═
2026-10-02 13:50:05,573 INFO     ___FILE_ONLY___ ═
2026-10-02 13:50:05,575 INFO     ___FILE_ONLY___ ═
2026-10-02 13:50:05,578 INFO     ___FILE_ONLY___ ═
2026-10-02 13:50:05,581 INFO     ___FILE_ONLY___ ═
2026-10-02 13:50:05,583 INFO     ___FILE_ONLY___ ═
2026-10-02 13:50:05,586 INFO     ___FILE_ONLY___ ═
2026-10-02 13:50:05,588 INFO     ___FILE_ONLY___ ═
2026-10-02 13:50:05,590 INFO     ___FILE_ONLY___ ═
2026-10-02 13:50:05,592 INFO     ___FILE_ONLY___ ═
2026-10-02 13:50:05,594 INFO     ___FILE_ONLY___ ═
2026-10-02 13:50:05,597 INFO     ___FILE_ONLY___ ═
2026-10-02 13:50:05,599 INFO     ___FILE_ONLY___ ═
2026-10-02 13:50:05,601 INFO     ___FILE_ONLY___ ═
2026-10-02 13:50:05,603 INFO     ___FILE_ONLY___ ═
2026-10-02 13:50:05,605 INFO     ___FILE_ONLY___ ═
2026-10-02 13:50:05,605 INFO     ___FILE_ONLY___ ╝

2026-10-02 13:50:05,612 INFO     ___FILE_ONLY___ ╔════════════════════════════════════════════════════════════╗

2026-10-02 13:50:05,612 INFO     ___FILE_ONLY___ ╠═ Installing: BigQuery Command Line Tool (Platform Spec... ═╣

2026-10-02 13:50:05,612 INFO     ___FILE_ONLY___ ╚
2026-10-02 13:50:05,613 INFO     ___FILE_ONLY___ ════════════════════════════════════════════════════════════
2026-10-02 13:50:05,613 INFO     ___FILE_ONLY___ ╝

2026-10-02 13:50:05,618 INFO     ___FILE_ONLY___ ╔════════════════════════════════════════════════════════════╗

2026-10-02 13:50:05,618 INFO     ___FILE_ONLY___ ╠═ Installing: Bundled Python 3.14                          ═╣

2026-10-02 13:50:05,618 INFO     ___FILE_ONLY___ ╚
2026-10-02 13:50:05,621 INFO     ___FILE_ONLY___ ════════════════════════════════════════════════════════════
2026-10-02 13:50:05,621 INFO     ___FILE_ONLY___ ╝

2026-10-02 13:50:05,622 INFO     ___FILE_ONLY___ ╔════════════════════════════════════════════════════════════╗

2026-10-02 13:50:05,623 INFO     ___FILE_ONLY___ ╠═ Installing: Bundled Python 3.14 (Platform Specific)      ═╣

2026-10-02 13:50:05,623 INFO     ___FILE_ONLY___ ╚
2026-10-02 13:50:06,354 INFO     ___FILE_ONLY___ ═
2026-10-02 13:50:06,368 INFO     ___FILE_ONLY___ ═
2026-10-02 13:50:06,385 INFO     ___FILE_ONLY___ ═
2026-10-02 13:50:06,404 INFO     ___FILE_ONLY___ ═
2026-10-02 13:50:06,444 INFO     ___FILE_ONLY___ ═
2026-10-02 13:50:06,463 INFO     ___FILE_ONLY___ ═
2026-10-02 13:50:06,478 INFO     ___FILE_ONLY___ ═
2026-10-02 13:50:06,490 INFO     ___FILE_ONLY___ ═
2026-10-02 13:50:06,556 INFO     ___FILE_ONLY___ ═
2026-10-02 13:50:06,671 INFO     ___FILE_ONLY___ ═
2026-10-02 13:50:06,683 INFO     ___FILE_ONLY___ ═
2026-10-02 13:50:06,704 INFO     ___FILE_ONLY___ ═
2026-10-02 13:50:06,720 INFO     ___FILE_ONLY___ ═
2026-10-02 13:50:06,735 INFO     ___FILE_ONLY___ ═
2026-10-02 13:50:06,751 INFO     ___FILE_ONLY___ ═
2026-10-02 13:50:06,764 INFO     ___FILE_ONLY___ ═
2026-10-02 13:50:06,779 INFO     ___FILE_ONLY___ ═
2026-10-02 13:50:06,794 INFO     ___FILE_ONLY___ ═
2026-10-02 13:50:06,810 INFO     ___FILE_ONLY___ ═
2026-10-02 13:50:06,829 INFO     ___FILE_ONLY___ ═
2026-10-02 13:50:06,839 INFO     ___FILE_ONLY___ ═
2026-10-02 13:50:06,849 INFO     ___FILE_ONLY___ ═
2026-10-02 13:50:06,859 INFO     ___FILE_ONLY___ ═
2026-10-02 13:50:06,868 INFO     ___FILE_ONLY___ ═
2026-10-02 13:50:06,878 INFO     ___FILE_ONLY___ ═
2026-10-02 13:50:06,888 INFO     ___FILE_ONLY___ ═
2026-10-02 13:50:06,897 INFO     ___FILE_ONLY___ ═
2026-10-02 13:50:06,907 INFO     ___FILE_ONLY___ ═
2026-10-02 13:50:06,917 INFO     ___FILE_ONLY___ ═
2026-10-02 13:50:06,927 INFO     ___FILE_ONLY___ ═
2026-10-02 13:50:06,937 INFO     ___FILE_ONLY___ ═
2026-10-02 13:50:06,947 INFO     ___FILE_ONLY___ ═
2026-10-02 13:50:06,957 INFO     ___FILE_ONLY___ ═
2026-10-02 13:50:06,967 INFO     ___FILE_ONLY___ ═
2026-10-02 13:50:06,977 INFO     ___FILE_ONLY___ ═
2026-10-02 13:50:06,987 INFO     ___FILE_ONLY___ ═
2026-10-02 13:50:06,997 INFO     ___FILE_ONLY___ ═
2026-10-02 13:50:07,007 INFO     ___FILE_ONLY___ ═
2026-10-02 13:50:07,016 INFO     ___FILE_ONLY___ ═
2026-10-02 13:50:07,027 INFO     ___FILE_ONLY___ ═
2026-10-02 13:50:07,037 INFO     ___FILE_ONLY___ ═
2026-10-02 13:50:07,047 INFO     ___FILE_ONLY___ ═
2026-10-02 13:50:07,056 INFO     ___FILE_ONLY___ ═
2026-10-02 13:50:07,066 INFO     ___FILE_ONLY___ ═
2026-10-02 13:50:07,076 INFO     ___FILE_ONLY___ ═
2026-10-02 13:50:07,087 INFO     ___FILE_ONLY___ ═
2026-10-02 13:50:07,099 INFO     ___FILE_ONLY___ ═
2026-10-02 13:50:07,110 INFO     ___FILE_ONLY___ ═
2026-10-02 13:50:07,122 INFO     ___FILE_ONLY___ ═
2026-10-02 13:50:07,133 INFO     ___FILE_ONLY___ ═
2026-10-02 13:50:07,143 INFO     ___FILE_ONLY___ ═
2026-10-02 13:50:07,154 INFO     ___FILE_ONLY___ ═
2026-10-02 13:50:07,164 INFO     ___FILE_ONLY___ ═
2026-10-02 13:50:07,175 INFO     ___FILE_ONLY___ ═
2026-10-02 13:50:07,185 INFO     ___FILE_ONLY___ ═
2026-10-02 13:50:07,196 INFO     ___FILE_ONLY___ ═
2026-10-02 13:50:07,209 INFO     ___FILE_ONLY___ ═
2026-10-02 13:50:07,223 INFO     ___FILE_ONLY___ ═
2026-10-02 13:50:07,236 INFO     ___FILE_ONLY___ ═
2026-10-02 13:50:07,354 INFO     ___FILE_ONLY___ ═
2026-10-02 13:50:07,354 INFO     ___FILE_ONLY___ ╝

2026-10-02 13:50:07,385 INFO     ___FILE_ONLY___ ╔════════════════════════════════════════════════════════════╗

2026-10-02 13:50:07,385 INFO     ___FILE_ONLY___ ╠═ Installing: Cloud Storage Command Line Tool              ═╣

2026-10-02 13:50:07,385 INFO     ___FILE_ONLY___ ╚
2026-10-02 13:50:07,726 INFO     ___FILE_ONLY___ ═
2026-10-02 13:50:07,737 INFO     ___FILE_ONLY___ ═
2026-10-02 13:50:07,747 INFO     ___FILE_ONLY___ ═
2026-10-02 13:50:07,756 INFO     ___FILE_ONLY___ ═
2026-10-02 13:50:07,765 INFO     ___FILE_ONLY___ ═
2026-10-02 13:50:07,791 INFO     ___FILE_ONLY___ ═
2026-10-02 13:50:07,802 INFO     ___FILE_ONLY___ ═
2026-10-02 13:50:07,815 INFO     ___FILE_ONLY___ ═
2026-10-02 13:50:07,828 INFO     ___FILE_ONLY___ ═
2026-10-02 13:50:07,840 INFO     ___FILE_ONLY___ ═
2026-10-02 13:50:07,854 INFO     ___FILE_ONLY___ ═
2026-10-02 13:50:07,864 INFO     ___FILE_ONLY___ ═
2026-10-02 13:50:07,875 INFO     ___FILE_ONLY___ ═
2026-10-02 13:50:07,883 INFO     ___FILE_ONLY___ ═
2026-10-02 13:50:07,893 INFO     ___FILE_ONLY___ ═
2026-10-02 13:50:07,909 INFO     ___FILE_ONLY___ ═
2026-10-02 13:50:07,922 INFO     ___FILE_ONLY___ ═
2026-10-02 13:50:07,930 INFO     ___FILE_ONLY___ ═
2026-10-02 13:50:07,941 INFO     ___FILE_ONLY___ ═
2026-10-02 13:50:07,951 INFO     ___FILE_ONLY___ ═
2026-10-02 13:50:07,961 INFO     ___FILE_ONLY___ ═
2026-10-02 13:50:07,972 INFO     ___FILE_ONLY___ ═
2026-10-02 13:50:07,982 INFO     ___FILE_ONLY___ ═
2026-10-02 13:50:07,991 INFO     ___FILE_ONLY___ ═
2026-10-02 13:50:08,001 INFO     ___FILE_ONLY___ ═
2026-10-02 13:50:08,011 INFO     ___FILE_ONLY___ ═
2026-10-02 13:50:08,020 INFO     ___FILE_ONLY___ ═
2026-10-02 13:50:08,031 INFO     ___FILE_ONLY___ ═
2026-10-02 13:50:08,045 INFO     ___FILE_ONLY___ ═
2026-10-02 13:50:08,056 INFO     ___FILE_ONLY___ ═
2026-10-02 13:50:08,067 INFO     ___FILE_ONLY___ ═
2026-10-02 13:50:08,084 INFO     ___FILE_ONLY___ ═
2026-10-02 13:50:08,097 INFO     ___FILE_ONLY___ ═
2026-10-02 13:50:08,112 INFO     ___FILE_ONLY___ ═
2026-10-02 13:50:08,125 INFO     ___FILE_ONLY___ ═
2026-10-02 13:50:08,139 INFO     ___FILE_ONLY___ ═
2026-10-02 13:50:08,148 INFO     ___FILE_ONLY___ ═
2026-10-02 13:50:08,159 INFO     ___FILE_ONLY___ ═
2026-10-02 13:50:08,186 INFO     ___FILE_ONLY___ ═
2026-10-02 13:50:08,199 INFO     ___FILE_ONLY___ ═
2026-10-02 13:50:08,209 INFO     ___FILE_ONLY___ ═
2026-10-02 13:50:08,219 INFO     ___FILE_ONLY___ ═
2026-10-02 13:50:08,229 INFO     ___FILE_ONLY___ ═
2026-10-02 13:50:08,238 INFO     ___FILE_ONLY___ ═
2026-10-02 13:50:08,248 INFO     ___FILE_ONLY___ ═
2026-10-02 13:50:08,257 INFO     ___FILE_ONLY___ ═
2026-10-02 13:50:08,266 INFO     ___FILE_ONLY___ ═
2026-10-02 13:50:08,275 INFO     ___FILE_ONLY___ ═
2026-10-02 13:50:08,284 INFO     ___FILE_ONLY___ ═
2026-10-02 13:50:08,295 INFO     ___FILE_ONLY___ ═
2026-10-02 13:50:08,307 INFO     ___FILE_ONLY___ ═
2026-10-02 13:50:08,318 INFO     ___FILE_ONLY___ ═
2026-10-02 13:50:08,330 INFO     ___FILE_ONLY___ ═
2026-10-02 13:50:08,342 INFO     ___FILE_ONLY___ ═
2026-10-02 13:50:08,354 INFO     ___FILE_ONLY___ ═
2026-10-02 13:50:08,367 INFO     ___FILE_ONLY___ ═
2026-10-02 13:50:08,380 INFO     ___FILE_ONLY___ ═
2026-10-02 13:50:08,398 INFO     ___FILE_ONLY___ ═
2026-10-02 13:50:08,412 INFO     ___FILE_ONLY___ ═
2026-10-02 13:50:08,426 INFO     ___FILE_ONLY___ ═
2026-10-02 13:50:08,427 INFO     ___FILE_ONLY___ ╝

2026-10-02 13:50:08,450 INFO     ___FILE_ONLY___ ╔════════════════════════════════════════════════════════════╗

2026-10-02 13:50:08,450 INFO     ___FILE_ONLY___ ╠═ Installing: Cloud Storage Command Line Tool (Platform... ═╣

2026-10-02 13:50:08,450 INFO     ___FILE_ONLY___ ╚
2026-10-02 13:50:08,451 INFO     ___FILE_ONLY___ ════════════════════════════════════════════════════════════
2026-10-02 13:50:08,451 INFO     ___FILE_ONLY___ ╝

2026-10-02 13:50:08,456 INFO     ___FILE_ONLY___ ╔════════════════════════════════════════════════════════════╗

2026-10-02 13:50:08,456 INFO     ___FILE_ONLY___ ╠═ Installing: Default set of gcloud commands               ═╣

2026-10-02 13:50:08,456 INFO     ___FILE_ONLY___ ╚
2026-10-02 13:50:08,459 INFO     ___FILE_ONLY___ ════════════════════════════════════════════════════════════
2026-10-02 13:50:08,459 INFO     ___FILE_ONLY___ ╝

2026-10-02 13:50:08,461 INFO     ___FILE_ONLY___ ╔════════════════════════════════════════════════════════════╗

2026-10-02 13:50:08,461 INFO     ___FILE_ONLY___ ╠═ Installing: Default set of gcloud commands (Platform ... ═╣

2026-10-02 13:50:08,461 INFO     ___FILE_ONLY___ ╚
2026-10-02 13:50:08,461 INFO     ___FILE_ONLY___ ════════════════════════════════════════════════════════════
2026-10-02 13:50:08,461 INFO     ___FILE_ONLY___ ╝

2026-10-02 13:50:08,466 INFO     ___FILE_ONLY___ ╔════════════════════════════════════════════════════════════╗

2026-10-02 13:50:08,466 INFO     ___FILE_ONLY___ ╠═ Installing: Google Cloud CLI Core Libraries (Platform... ═╣

2026-10-02 13:50:08,466 INFO     ___FILE_ONLY___ ╚
2026-10-02 13:50:08,467 INFO     ___FILE_ONLY___ ══════════════════════════════
2026-10-02 13:50:08,467 INFO     ___FILE_ONLY___ ══════════════════════════════
2026-10-02 13:50:08,467 INFO     ___FILE_ONLY___ ╝

2026-10-02 13:50:08,472 INFO     ___FILE_ONLY___ ╔════════════════════════════════════════════════════════════╗

2026-10-02 13:50:08,472 INFO     ___FILE_ONLY___ ╠═ Installing: Google Cloud CRC32C Hash Tool                ═╣

2026-10-02 13:50:08,472 INFO     ___FILE_ONLY___ ╚
2026-10-02 13:50:08,475 INFO     ___FILE_ONLY___ ════════════════════════════════════════════════════════════
2026-10-02 13:50:08,475 INFO     ___FILE_ONLY___ ╝

2026-10-02 13:50:08,477 INFO     ___FILE_ONLY___ ╔════════════════════════════════════════════════════════════╗

2026-10-02 13:50:08,477 INFO     ___FILE_ONLY___ ╠═ Installing: Google Cloud CRC32C Hash Tool (Platform S... ═╣

2026-10-02 13:50:08,477 INFO     ___FILE_ONLY___ ╚
2026-10-02 13:50:08,503 INFO     ___FILE_ONLY___ ══════════════════════════════
2026-10-02 13:50:08,503 INFO     ___FILE_ONLY___ ══════════════════════════════
2026-10-02 13:50:08,503 INFO     ___FILE_ONLY___ ╝

2026-10-02 13:50:08,508 INFO     ___FILE_ONLY___ ╔════════════════════════════════════════════════════════════╗

2026-10-02 13:50:08,508 INFO     ___FILE_ONLY___ ╠═ Installing: gcloud cli dependencies (Platform Specific)  ═╣

2026-10-02 13:50:08,508 INFO     ___FILE_ONLY___ ╚
2026-10-02 13:50:08,509 INFO     ___FILE_ONLY___ ════════════════════════════════════════════════════════════
2026-10-02 13:50:08,509 INFO     ___FILE_ONLY___ ╝

2026-10-02 13:50:08,514 DEBUG    root            Updating notification cache...
2026-10-02 13:50:08,514 INFO     ___FILE_ONLY___ 

2026-10-02 13:50:08,516 INFO     ___FILE_ONLY___ Performing post processing steps...
2026-10-02 13:50:08,516 DEBUG    root            Executing command: ['/tools/google-cloud-sdk/bin/gcloud', 'components', 'post-process']
2026-10-02 13:50:13,657 DEBUG    ___FILE_ONLY___ 
2026-10-02 13:50:13,657 DEBUG    ___FILE_ONLY___ 
2026-10-02 13:50:13,791 INFO     root            descriptor_list: [{'universeDomain': 'googleapis.com', 'universeShortName': '', 'authenticationDomain': 'auth.cloud.google.com', 'projectPrefix': '', 'cloudWebDomain': 'cloud.google.com', 'documentationDomain': 'cloud.google.com', 'version': '1.0.0', 'state': 'primary', 'artifactRegistryDomain': 'pkg.dev'}]
2026-10-02 13:50:13,791 INFO     ___FILE_ONLY___ 
Update done!


2026-10-02 13:50:13,793 DEBUG    root            Chosen display Format:none
2026-10-02 13:50:13,794 INFO     root            Display format: "none"
